
[1m[46m RUN [49m[22m [36mv4.0.14 [39m[90mC:/Users/JarkkoE/AsnProcessor/frontend[39m

[90mstdout[2m | src/tests/MscWorkflow.test.tsx[2m > [22m[2mMscEditor Basic Workflow[2m > [22m[2mexecutes the basic workflow: select protocol, add message, verify JSON
[22m[39mStep 1: Initial Load

[90mstdout[2m | src/tests/MscWorkflow.test.tsx[2m > [22m[2mMscEditor Basic Workflow[2m > [22m[2mexecutes the basic workflow: select protocol, add message, verify JSON
[22m[39mStep 2: Select Protocol

[90mstdout[2m | src/tests/MscWorkflow.test.tsx[2m > [22m[2mMscEditor Basic Workflow[2m > [22m[2mexecutes the basic workflow: select protocol, add message, verify JSON
[22m[39mSearching for NR RRC Rel-17

[90mstdout[2m | src/tests/MscWorkflow.test.tsx[2m > [22m[2mMscEditor Basic Workflow[2m > [22m[2mexecutes the basic workflow: select protocol, add message, verify JSON
[22m[39mStep 3: Message Type

[90mstdout[2m | src/tests/MscWorkflow.test.tsx[2m > [22m[2mMscEditor Basic Workflow[2m > [22m[2mexecutes the basic workflow: select protocol, add message, verify JSON
[22m[39mSearching for RRCConnectionRequest

[90mstdout[2m | src/tests/MscWorkflow.test.tsx[2m > [22m[2mMscEditor Basic Workflow[2m > [22m[2mexecutes the basic workflow: select protocol, add message, verify JSON
[22m[39mStep 4: Add Button

[90mstdout[2m | src/tests/MscWorkflow.test.tsx[2m > [22m[2mMscEditor Basic Workflow[2m > [22m[2mexecutes the basic workflow: select protocol, add message, verify JSON
[22m[39mStep 5: Verification

 [31mΓ¥»[39m src/tests/MscWorkflow.test.tsx [2m([22m[2m1 test[22m[2m | [22m[31m1 failed[39m[2m)[22m[33m 1910[2mms[22m[39m
[31m     [31m├ù[31m executes the basic workflow: select protocol, add message, verify JSON[39m[33m 1909[2mms[22m[39m
node.exe : 
At line:1 char:1
+ & "C:\Program Files\nodejs/node.exe" "C:\Program 
Files\nodejs/node_mo ...
+ ~~~~~~~~~~~~~~~~~~~~~~~~~~~~~~~~~~~~~~~~~~~~~~~~~~~~~~~~~~~~~~~~~~~~~
    + CategoryInfo          : NotSpecified: (:String) [], RemoteExcept 
   ion
    + FullyQualifiedErrorId : NativeCommandError
 
[31mΓÄ»ΓÄ»ΓÄ»ΓÄ»ΓÄ»ΓÄ»ΓÄ»[39m[1m[41m Failed Tests 1 
[49m[22m[31mΓÄ»ΓÄ»ΓÄ»ΓÄ»ΓÄ»ΓÄ»ΓÄ»[39m

[41m[1m FAIL [22m[49m src/tests/MscWorkflow.test.tsx[2m > 
[22mMscEditor Basic Workflow[2m > [22mexecutes the basic workflow: 
select protocol, add message, verify JSON
[31m[1mTestingLibraryElementError[22m[39m: Found multiple elements 
with the text: RRCConnectionRequest

Here are the matching elements:

Ignored nodes: comments, script, style
[36m<p[39m
  [33mclass[39m=[32m"mantine-focus-auto m_b6d8b162 
mantine-Text-root"[39m
  [33mdata-size[39m=[32m"sm"[39m
  [33mstyle[39m=[32m"--text-fz: var(--mantine-font-size-sm); 
--text-lh: var(--mantine-line-height-sm); font-family: monospace; 
font-weight: 600;"[39m
[36m>[39m
  [0mRRCConnectionRequest[0m
[36m</p>[39m

Ignored nodes: comments, script, style
[36m<span>[39m
  [0mRRCConnectionRequest[0m
[36m</span>[39m

(If this is intentional, then use the `*AllBy*` variant of the query 
(like `queryAllByText`, `getAllByText`, or `findAllByText`)).

Ignored nodes: comments, script, style
[36m<body>[39m
  [36m<div>[39m
    [36m<div[39m
      [33mclass[39m=[32m"m_89ab340 mantine-AppShell-root"[39m
      [33mstyle[39m=[32m"--app-shell-transition-duration: 200ms; 
--app-shell-transition-timing-function: ease;"[39m
    [36m>[39m
      [36m<header[39m
        [33mclass[39m=[32m"m_3b16f56b mantine-AppShell-header 
right-scroll-bar-position"[39m
        [33mdata-with-border[39m=[32m"true"[39m
        [33mstyle[39m=[32m"--app-shell-header-z-index: 100;"[39m
      [36m>[39m
        [36m<div[39m
          [33mclass[39m=[32m"m_4081bf90 mantine-Group-root"[39m
          [33mstyle[39m=[32m"--group-gap: 
var(--mantine-spacing-md); --group-align: center; --group-justify: 
space-between; --group-wrap: wrap; padding-inline: 
var(--mantine-spacing-md); height: 100%;"[39m
        [36m>[39m
          [36m<div[39m
            [33mclass[39m=[32m"m_4081bf90 mantine-Group-root"[39m
            [33mstyle[39m=[32m"--group-gap: 
var(--mantine-spacing-md); --group-align: center; --group-justify: 
flex-start; --group-wrap: wrap;"[39m
          [36m>[39m
            [36m<button[39m
              [33mclass[39m=[32m"mantine-focus-auto mantine-active 
m_8d3f4000 mantine-ActionIcon-root m_87cf2631 
mantine-UnstyledButton-root"[39m
              [33mdata-variant[39m=[32m"subtle"[39m
              [33mstyle[39m=[32m"--ai-bg: transparent; --ai-hover: 
var(--mantine-color-blue-light-hover); --ai-color: 
var(--mantine-color-blue-light-color); --ai-bd: calc(0.0625rem * 
var(--mantine-scale)) solid transparent;"[39m
              [33mtitle[39m=[32m"Home"[39m
              [33mtype[39m=[32m"button"[39m
            [36m>[39m
              [36m<span[39m
                [33mclass[39m=[32m"m_8d3afb97 
mantine-ActionIcon-icon"[39m
              [36m>[39m
                [36m<svg[39m
                  [33mclass[39m=[32m"tabler-icon tabler-icon-home 
"[39m
                  [33mfill[39m=[32m"none"[39m
                  [33mheight[39m=[32m"20"[39m
                  [33mstroke[39m=[32m"currentColor"[39m
                  [33mstroke-linecap[39m=[32m"round"[39m
                  [33mstroke-linejoin[39m=[32m"round"[39m
                  [33mstroke-width[39m=[32m"2"[39m
                  [33mviewBox[39m=[32m"0 0 24 24"[39m
                  [33mwidth[39m=[32m"20"[39m
                  
[33mxmlns[39m=[32m"http://www.w3.org/2000/svg"[39m
                [36m>[39m
                  [36m<path[39m
                    [33md[39m=[32m"M5 12l-2 0l9 -9l9 9l-2 0"[39m
                  [36m/>[39m
                  [36m<path[39m
                    [33md[39m=[32m"M5 12v7a2 2 0 0 0 2 2h10a2 2 0 0 
0 2 -2v-7"[39m
                  [36m/>[39m
                  [36m<path[39m
                    [33md[39m=[32m"M9 21v-6a2 2 0 0 1 2 -2h2a2 2 0 
0 1 2 2v6"[39m
                  [36m/>[39m
                [36m</svg>[39m
              [36m</span>[39m
            [36m</button>[39m
            [36m<h4[39m
              [33mclass[39m=[32m"m_8a5d1357 mantine-Title-root"[39m
              [33mdata-order[39m=[32m"4"[39m
              [33mstyle[39m=[32m"--title-fw: 
var(--mantine-h4-font-weight); --title-lh: 
var(--mantine-h4-line-height); --title-fz: 
var(--mantine-h4-font-size);"[39m
            [36m>[39m
              [0mMSC Editor[0m
            [36m</h4>[39m
            [36m<div[39m
              [33mclass[39m=[32m"m_3eebeb36 
mantine-Divider-root"[39m
              [33mdata-orientation[39m=[32m"vertical"[39m
              [33mrole[39m=[32m"separator"[39m
            [36m/>[39m
            [36m<div[39m
              [33mclass[39m=[32m"m_46b77525 
mantine-InputWrapper-root mantine-Select-root"[39m
              [33mdata-size[39m=[32m"xs"[39m
              [33mstyle[39m=[32m"width: 140px;"[39m
            [36m>[39m
              [36m<div[39m
                [33mclass[39m=[32m"m_6c018570 mantine-Input-wrapper 
mantine-Select-wrapper"[39m
                [33mdata-pointer[39m=[32m"true"[39m
                [33mdata-size[39m=[32m"xs"[39m
                [33mdata-variant[39m=[32m"default"[39m
                [33mdata-with-right-section[39m=[32m"true"[39m
                [33mstyle[39m=[32m"--input-height: 
var(--input-height-xs); --input-fz: var(--mantine-font-size-xs); 
--input-right-section-pointer-events: none;"[39m
              [36m>[39m
                [36m<input[39m
                  [33maria-haspopup[39m=[32m"listbox"[39m
                  [33maria-invalid[39m=[32m"false"[39m
                  [33mautocomplete[39m=[32m"off"[39m
                  [33mclass[39m=[32m"m_8fb7ebe7 mantine-Input-input 
mantine-Select-input"[39m
                  [33mdata-variant[39m=[32m"default"[39m
                  [33mid[39m=[32m"mantine-1lwck4f9v"[39m
                  [33mreadonly[39m=[32m""[39m
                  [33mvalue[39m=[32m"NR RRC Rel-17"[39m
                [36m/>[39m
                [36m<div[39m
                  [33mclass[39m=[32m"m_82577fc2 
mantine-Input-section mantine-Select-section"[39m
                  [33mdata-position[39m=[32m"right"[39m
                [36m>[39m
                  [36m<svg[39m
                    [33mclass[39m=[32m"m_2943220b 
mantine-ComboboxChevron-chevron"[39m
                    [33mdata-combobox-chevron[39m=[32m"true"[39m
                    [33mdata-size[39m=[32m"xs"[39m
                    [33mfill[39m=[32m"none"[39m
                    [33mstyle[39m=[32m"--combobox-chevron-size: 
var(--combobox-chevron-size-xs);"[39m
                    [33mviewBox[39m=[32m"0 0 15 15"[39m
                    
[33mxmlns[39m=[32m"http://www.w3.org/2000/svg"[39m
                  [36m>[39m
                    [36m<path[39m
                      [33mclip-rule[39m=[32m"evenodd"[39m
                      [33md[39m=[32m"M4.93179 5.43179C4.75605 
5.60753 4.75605 5.89245 4.93179 6.06819C5.10753 6.24392 5.39245 
6.24392 5.56819 6.06819L7.49999 4.13638L9.43179 6.06819C9.60753 
6.24392 9.89245 6.24392 10.0682 6.06819C10.2439 5.89245 10.2439 
5.60753 10.0682 5.43179L7.81819 3.18179C7.73379 3.0974 7.61933 3.04999 
7.49999 3.04999C7.38064 3.04999 7.26618 3.0974 7.18179 3.18179L4.93179 
5.43179ZM10.0682 9.56819C10.2439 9.39245 10.2439 9.10753 10.0682 
8.93179C9.89245 8.75606 9.60753 8.75606 9.43179 8.93179L7.49999 
10.8636L5.56819 8.93179C5.39245 8.75606 5.10753 8.75606 4.93179 
8.93179C4.75605 9.10753 4.75605 9.39245 4.93179 9.56819L7.18179 
11.8182C7.35753 11.9939 7.64245 11.9939 7.81819 11.8182L10.0682 
9.56819Z"[39m
                      [33mfill[39m=[32m"currentColor"[39m
                      [33mfill-rule[39m=[32m"evenodd"[39m
                    [36m/>[39m
                  [36m</svg>[39m
                [36m</div>[39m
              [36m</div>[39m
            [36m</div>[39m
            [36m<input[39m
              [33mtype...

Ignored nodes: comments, script, style
[36m<body>[39m
  [36m<div>[39m
    [36m<div[39m
      [33mclass[39m=[32m"m_89ab340 mantine-AppShell-root"[39m
      [33mstyle[39m=[32m"--app-shell-transition-duration: 200ms; 
--app-shell-transition-timing-function: ease;"[39m
    [36m>[39m
      [36m<header[39m
        [33mclass[39m=[32m"m_3b16f56b mantine-AppShell-header 
right-scroll-bar-position"[39m
        [33mdata-with-border[39m=[32m"true"[39m
        [33mstyle[39m=[32m"--app-shell-header-z-index: 100;"[39m
      [36m>[39m
        [36m<div[39m
          [33mclass[39m=[32m"m_4081bf90 mantine-Group-root"[39m
          [33mstyle[39m=[32m"--group-gap: 
var(--mantine-spacing-md); --group-align: center; --group-justify: 
space-between; --group-wrap: wrap; padding-inline: 
var(--mantine-spacing-md); height: 100%;"[39m
        [36m>[39m
          [36m<div[39m
            [33mclass[39m=[32m"m_4081bf90 mantine-Group-root"[39m
            [33mstyle[39m=[32m"--group-gap: 
var(--mantine-spacing-md); --group-align: center; --group-justify: 
flex-start; --group-wrap: wrap;"[39m
          [36m>[39m
            [36m<button[39m
              [33mclass[39m=[32m"mantine-focus-auto mantine-active 
m_8d3f4000 mantine-ActionIcon-root m_87cf2631 
mantine-UnstyledButton-root"[39m
              [33mdata-variant[39m=[32m"subtle"[39m
              [33mstyle[39m=[32m"--ai-bg: transparent; --ai-hover: 
var(--mantine-color-blue-light-hover); --ai-color: 
var(--mantine-color-blue-light-color); --ai-bd: calc(0.0625rem * 
var(--mantine-scale)) solid transparent;"[39m
              [33mtitle[39m=[32m"Home"[39m
              [33mtype[39m=[32m"button"[39m
            [36m>[39m
              [36m<span[39m
                [33mclass[39m=[32m"m_8d3afb97 
mantine-ActionIcon-icon"[39m
              [36m>[39m
                [36m<svg[39m
                  [33mclass[39m=[32m"tabler-icon tabler-icon-home 
"[39m
                  [33mfill[39m=[32m"none"[39m
                  [33mheight[39m=[32m"20"[39m
                  [33mstroke[39m=[32m"currentColor"[39m
                  [33mstroke-linecap[39m=[32m"round"[39m
                  [33mstroke-linejoin[39m=[32m"round"[39m
                  [33mstroke-width[39m=[32m"2"[39m
                  [33mviewBox[39m=[32m"0 0 24 24"[39m
                  [33mwidth[39m=[32m"20"[39m
                  
[33mxmlns[39m=[32m"http://www.w3.org/2000/svg"[39m
                [36m>[39m
                  [36m<path[39m
                    [33md[39m=[32m"M5 12l-2 0l9 -9l9 9l-2 0"[39m
                  [36m/>[39m
                  [36m<path[39m
                    [33md[39m=[32m"M5 12v7a2 2 0 0 0 2 2h10a2 2 0 0 
0 2 -2v-7"[39m
                  [36m/>[39m
                  [36m<path[39m
                    [33md[39m=[32m"M9 21v-6a2 2 0 0 1 2 -2h2a2 2 0 
0 1 2 2v6"[39m
                  [36m/>[39m
                [36m</svg>[39m
              [36m</span>[39m
            [36m</button>[39m
            [36m<h4[39m
              [33mclass[39m=[32m"m_8a5d1357 mantine-Title-root"[39m
              [33mdata-order[39m=[32m"4"[39m
              [33mstyle[39m=[32m"--title-fw: 
var(--mantine-h4-font-weight); --title-lh: 
var(--mantine-h4-line-height); --title-fz: 
var(--mantine-h4-font-size);"[39m
            [36m>[39m
              [0mMSC Editor[0m
            [36m</h4>[39m
            [36m<div[39m
              [33mclass[39m=[32m"m_3eebeb36 
mantine-Divider-root"[39m
              [33mdata-orientation[39m=[32m"vertical"[39m
              [33mrole[39m=[32m"separator"[39m
            [36m/>[39m
            [36m<div[39m
              [33mclass[39m=[32m"m_46b77525 
mantine-InputWrapper-root mantine-Select-root"[39m
              [33mdata-size[39m=[32m"xs"[39m
              [33mstyle[39m=[32m"width: 140px;"[39m
            [36m>[39m
              [36m<div[39m
                [33mclass[39m=[32m"m_6c018570 mantine-Input-wrapper 
mantine-Select-wrapper"[39m
                [33mdata-pointer[39m=[32m"true"[39m
                [33mdata-size[39m=[32m"xs"[39m
                [33mdata-variant[39m=[32m"default"[39m
                [33mdata-with-right-section[39m=[32m"true"[39m
                [33mstyle[39m=[32m"--input-height: 
var(--input-height-xs); --input-fz: var(--mantine-font-size-xs); 
--input-right-section-pointer-events: none;"[39m
              [36m>[39m
                [36m<input[39m
                  [33maria-haspopup[39m=[32m"listbox"[39m
                  [33maria-invalid[39m=[32m"false"[39m
                  [33mautocomplete[39m=[32m"off"[39m
                  [33mclass[39m=[32m"m_8fb7ebe7 mantine-Input-input 
mantine-Select-input"[39m
                  [33mdata-variant[39m=[32m"default"[39m
                  [33mid[39m=[32m"mantine-1lwck4f9v"[39m
                  [33mreadonly[39m=[32m""[39m
                  [33mvalue[39m=[32m"NR RRC Rel-17"[39m
                [36m/>[39m
                [36m<div[39m
                  [33mclass[39m=[32m"m_82577fc2 
mantine-Input-section mantine-Select-section"[39m
                  [33mdata-position[39m=[32m"right"[39m
                [36m>[39m
                  [36m<svg[39m
                    [33mclass[39m=[32m"m_2943220b 
mantine-ComboboxChevron-chevron"[39m
                    [33mdata-combobox-chevron[39m=[32m"true"[39m
                    [33mdata-size[39m=[32m"xs"[39m
                    [33mfill[39m=[32m"none"[39m
                    [33mstyle[39m=[32m"--combobox-chevron-size: 
var(--combobox-chevron-size-xs);"[39m
                    [33mviewBox[39m=[32m"0 0 15 15"[39m
                    
[33mxmlns[39m=[32m"http://www.w3.org/2000/svg"[39m
                  [36m>[39m
                    [36m<path[39m
                      [33mclip-rule[39m=[32m"evenodd"[39m
                      [33md[39m=[32m"M4.93179 5.43179C4.75605 
5.60753 4.75605 5.89245 4.93179 6.06819C5.10753 6.24392 5.39245 
6.24392 5.56819 6.06819L7.49999 4.13638L9.43179 6.06819C9.60753 
6.24392 9.89245 6.24392 10.0682 6.06819C10.2439 5.89245 10.2439 
5.60753 10.0682 5.43179L7.81819 3.18179C7.73379 3.0974 7.61933 3.04999 
7.49999 3.04999C7.38064 3.04999 7.26618 3.0974 7.18179 3.18179L4.93179 
5.43179ZM10.0682 9.56819C10.2439 9.39245 10.2439 9.10753 10.0682 
8.93179C9.89245 8.75606 9.60753 8.75606 9.43179 8.93179L7.49999 
10.8636L5.56819 8.93179C5.39245 8.75606 5.10753 8.75606 4.93179 
8.93179C4.75605 9.10753 4.75605 9.39245 4.93179 9.56819L7.18179 
11.8182C7.35753 11.9939 7.64245 11.9939 7.81819 11.8182L10.0682 
9.56819Z"[39m
                      [33mfill[39m=[32m"currentColor"[39m
                      [33mfill-rule[39m=[32m"evenodd"[39m
                    [36m/>[39m
                  [36m</svg>[39m
                [36m</div>[39m
              [36m</div>[39m
            [36m</div>[39m
            [36m<input[39m
              [33mtype...
[90m [2mΓ¥»[22m waitForWrapper 
node_modules/@testing-library/dom/dist/wait-for.js:[2m163:27[22m[39m
[90m [2mΓ¥»[22m node_modules/@testing-library/dom/dist/query-helpers
.js:[2m86:33[22m[39m
[36m [2mΓ¥»[22m src/tests/MscWorkflow.test.tsx:[2m228:22[22m[39m
    [90m226| [39m
    [90m227| [39m        [90m// Verify UI updated[39m
    [90m228| [39m        [35mawait[39m screen[33m.[39m[34mfindBy
Text[39m([32m'RRCConnectionRequest'[39m)[33m;[39m
    [90m   | [39m                     [31m^[39m
    [90m229| [39m
    [90m230| [39m        [90m// Click the message to see 
details[39m

[31m[2mΓÄ»ΓÄ»ΓÄ»ΓÄ»ΓÄ»ΓÄ»ΓÄ»ΓÄ»ΓÄ»ΓÄ»ΓÄ»ΓÄ»ΓÄ»ΓÄ»ΓÄ»ΓÄ»ΓÄ»ΓÄ»ΓÄ»ΓÄ»ΓÄ
»ΓÄ»ΓÄ»ΓÄ»[1/1]ΓÄ»[22m[39m


[2m Test Files [22m [1m[31m1 failed[39m[22m[90m (1)[39m
[2m      Tests [22m [1m[31m1 failed[39m[22m[90m (1)[39m
[2m   Start at [22m 08:23:47
[2m   Duration [22m 3.16s[2m (transform 139ms, setup 67ms, import 734ms, tests 1.91s, environment 353ms)[22m

